
> nexus-hub@0.1.6 build
> tsc -noEmit -skipLibCheck && node esbuild.config.mjs production

src/components/modals.ts(2199,14): error TS2300: Duplicate identifier 'EditTransactionModal'.
src/components/modals.ts(3235,14): error TS2300: Duplicate identifier 'EditTransactionModal'.
